mobscrob.alert.AlertType -> G:
    mobscrob.alert.AlertType ERROR -> a
    mobscrob.alert.AlertType INFO -> b
    javax.microedition.lcdui.AlertType uiType -> a
    java.lang.String type -> a
    java.lang.String getType() -> a
    javax.microedition.lcdui.AlertType getUIType() -> a
mobscrob.event.FileCommandListener -> V:
    void perform(int,java.lang.String) -> a
mobscrob.id3.AbstractID3Body -> d:
    mobscrob.logging.MicroLog log$6876fed5 -> a
    mobscrob.id3.ID3Header header -> a
    mobscrob.mp3.MP3Stream is -> a
    boolean readComplete -> a
    java.lang.Class class$0 -> a
    mobscrob.id3.AbstractID3Body$Frame readNextFrame() -> a
    boolean readComplete() -> a
    byte[] readRawFrameBytes(int) -> a
    mobscrob.id3.AbstractID3Body instance(mobscrob.id3.ID3Header,mobscrob.mp3.MP3Stream) -> a
    mobscrob.logging.MicroLog access$0$555922ea() -> a
mobscrob.id3.AbstractID3Body$Frame -> D:
    java.lang.String id -> a
    byte[] rawBytes -> a
    java.lang.String getContentsAsString() -> a
mobscrob.id3.ID32TagReader -> K:
    mobscrob.logging.MicroLog log$6876fed5 -> a
    mobscrob.mp3.MP3Stream stream -> a
    byte[] headerBytes -> a
    java.lang.Class class$0 -> a
    void readInto(mobscrob.id3.TrackMetadata) -> a
mobscrob.id3.ID3Exception -> P:
    mobscrob.id3.ID3Exception UNEXPECTED_END_OF_STREAM -> a
    mobscrob.id3.ID3Exception UNEXPECTED_BYTE_READ_COUNT -> b
    mobscrob.id3.ID3Exception INCORRECT_FRAME_HEADER_LENGTH -> c
    mobscrob.id3.ID3Exception INVALID_FRAME_HEADER_FLAGS -> d
    mobscrob.id3.ID3Exception UNSUPPORTED_FORMAT -> e
mobscrob.id3.ID3Header -> O:
    void parse() -> a
    long bodyLength() -> a
    int majorVersion() -> a
    boolean hasExtendedHeader() -> a
mobscrob.id3.ID3v1Body -> a:
    mobscrob.logging.MicroLog log$6876fed5 -> a
    int currFrame -> a
    java.lang.Class class$0 -> a
    boolean readComplete() -> a
    mobscrob.id3.AbstractID3Body$Frame readNextFrame() -> a
    mobscrob.id3.AbstractID3Body$Frame readFrame(java.lang.String,int) -> a
    mobscrob.id3.AbstractID3Body$Frame readSingleByteAsIntFrame(java.lang.String) -> a
mobscrob.id3.ID3v1Body$ID3v1Frame -> ap:
    java.lang.String getContentsAsString() -> a
mobscrob.id3.ID3v1Header -> m:
    byte[] raw -> a
    long bodyLength() -> a
    boolean hasExtendedHeader() -> a
    int majorVersion() -> a
    void parse() -> a
mobscrob.id3.ID3v22Body -> ar:
    mobscrob.id3.AbstractID3Body$Frame readNextFrame() -> a
mobscrob.id3.ID3v23Body -> Y:
    mobscrob.id3.AbstractID3Body$Frame readNextFrame() -> a
mobscrob.id3.ID3v24Body -> w:
    char[] currentId -> a
    mobscrob.id3.AbstractID3Body$Frame readNextFrame() -> a
mobscrob.id3.ID3v2Header -> ad:
    byte[] raw -> a
    int majorVersion -> a
    int revision -> b
    long bodyLength -> a
    boolean hasExtendedHeader -> a
    void parse() -> a
    long bodyLength() -> a
    int majorVersion() -> a
    boolean hasExtendedHeader() -> a
mobscrob.id3.SynchsafeInteger -> l:
    int valueOf(byte[]) -> a
mobscrob.id3.TrackMetadata -> am:
    mobscrob.id3.TrackMetadata$TrackMetadataSerializerImpl serializer$7c425d82 -> a
    mobscrob.player.MP3Player$CurrentTrack listener$5ac4164 -> a
    java.lang.String artist -> a
    java.lang.String albumTitle -> b
    long currentPosition -> a
    java.lang.String fileLocation -> c
    java.lang.String musicBrainzID -> d
    java.lang.String trackTitle -> e
    long trackLength -> b
    java.lang.String trackNumber -> f
    long startTimestamp -> c
    boolean postProcessed -> a
    boolean invalidID3Tag -> b
    int submissionAttempts -> a
    java.lang.String getArtist() -> a
    void setArtist(java.lang.String) -> a
    java.lang.String getAlbumTitle() -> b
    void setAlbumTitle(java.lang.String) -> b
    java.lang.String getMusicBrainzID() -> c
    void setMusicBrainzID(java.lang.String) -> c
    long getTrackLength() -> a
    void setTrackLength(long) -> a
    long getTrackLengthInSeconds() -> b
    java.lang.String getTrackTitle() -> d
    void setTrackTitle(java.lang.String) -> d
    java.lang.String getTrackNumber() -> e
    void setTrackNumber(java.lang.String) -> e
    java.lang.String getFileLocation() -> f
    void setFileLocation(java.lang.String) -> f
    long getStartTimestampInSeconds() -> c
    long getStartTimestamp() -> d
    void setStartTimestamp(long) -> b
    long getCurrentPosition() -> e
    void setCurrentPosition(long) -> c
    void setPostProcessed(boolean) -> a
    boolean isPostProcessed() -> a
    void setInvalidID3Tag(boolean) -> b
    boolean isInvalidID3Tag() -> b
    int getSubmissionAttempts() -> a
    void setSubmissionAttempts(int) -> a
    void attemptedSubmit() -> a
    void setListener$13b55b77(mobscrob.player.MP3Player$CurrentTrack) -> a
    void updated() -> b
    java.lang.String toString() -> toString
    mobscrob.id3.TrackMetadata$TrackMetadataSerializerImpl getSerializer$366fd8ff() -> a
    java.lang.String access$0(mobscrob.id3.TrackMetadata) -> a
    java.lang.String access$1(mobscrob.id3.TrackMetadata) -> b
    long access$2(mobscrob.id3.TrackMetadata) -> a
    java.lang.String access$3(mobscrob.id3.TrackMetadata) -> c
    boolean access$4(mobscrob.id3.TrackMetadata) -> a
    java.lang.String access$5(mobscrob.id3.TrackMetadata) -> d
    boolean access$6(mobscrob.id3.TrackMetadata) -> b
    long access$7(mobscrob.id3.TrackMetadata) -> b
    int access$8(mobscrob.id3.TrackMetadata) -> a
    long access$9(mobscrob.id3.TrackMetadata) -> c
    java.lang.String access$10(mobscrob.id3.TrackMetadata) -> e
    java.lang.String access$11(mobscrob.id3.TrackMetadata) -> f
mobscrob.id3.TrackMetadata$TrackMetadataSerializerImpl -> u:
    byte[] serialize(mobscrob.id3.TrackMetadata) -> a
mobscrob.id3.TrackMetadataUtil -> x:
    mobscrob.logging.MicroLog log$6876fed5 -> a
    java.lang.Class class$0 -> a
    void addMetadata(mobscrob.id3.TrackMetadata,mobscrob.id3.AbstractID3Body$Frame) -> a
mobscrob.logging.LogConfigurationException -> I:
mobscrob.logging.LogFactory -> af:
    mobscrob.logging.MicroLog logger$6876fed5 -> a
    mobscrob.logging.MicroLog getLogger$28dc2a03(java.lang.Class) -> a
mobscrob.logging.MicroLog -> mobscrob.logging.MicroLog:
    net.sf.microlog.Logger log -> a
    boolean configured -> a
    java.lang.String className -> a
    void configure(javax.microedition.midlet.MIDlet) -> a
    mobscrob.logging.MicroLog getInstance$28dc2a03(java.lang.Class) -> a
    void info(java.lang.String,java.lang.String) -> a
    void debug(java.lang.String,java.lang.String) -> b
    void error(java.lang.String,java.lang.String) -> c
    void error(java.lang.String,java.lang.String,java.lang.Throwable) -> a
    void fatal(java.lang.String,java.lang.String,java.lang.Throwable) -> b
    void warn(java.lang.String,java.lang.String) -> d
    void close() -> a
    java.lang.String buildMessage(java.lang.String,java.lang.String) -> a
mobscrob.midlet.Callback -> z:
    void callback() -> a
mobscrob.midlet.MobScroblet -> mobscrob.midlet.MobScroblet:
    mobscrob.logging.MicroLog log$6876fed5 -> a
    java.lang.String[] MENU_ITEMS -> a
    javax.microedition.lcdui.Command exitCommand -> a
    javax.microedition.lcdui.Command navigatorCommand -> b
    javax.microedition.lcdui.List mainMenu -> a
    javax.microedition.lcdui.Display display -> a
    mobscrob.player.MP3Player player -> a
    mobscrob.player.PlayProcessorImpl tagProcessor$3068f47d -> a
    mobscrob.player.ScrobbleProcessor scrobbleProcessor -> a
    mobscrob.navigator.SEFileNavigator fileNavigator -> a
    mobscrob.playlist.Playlist playlist -> a
    mobscrob.scrobbler.MobScrobblerImpl scrobbler -> a
    mobscrob.properties.MobScrobProperties props -> a
    mobscrob.properties.PropertiesScreen propsScreen -> a
    java.lang.Class class$0 -> a
    void destroyApp(boolean) -> destroyApp
    void pauseApp() -> pauseApp
    void startApp() -> startApp
    void commandAction(javax.microedition.lcdui.Command,javax.microedition.lcdui.Displayable) -> commandAction
    void openNavigator() -> a
    void alert(mobscrob.alert.AlertType,java.lang.String) -> a
    mobscrob.logging.MicroLog access$0$555922ea() -> a
    javax.microedition.lcdui.Display access$1(mobscrob.midlet.MobScroblet) -> a
    javax.microedition.lcdui.List access$2(mobscrob.midlet.MobScroblet) -> a
    mobscrob.player.MP3Player access$3(mobscrob.midlet.MobScroblet) -> a
mobscrob.midlet.MobScroblet$1 -> ac:
    mobscrob.midlet.MobScroblet this$0 -> a
    void callback() -> a
mobscrob.midlet.MobScroblet$2 -> Z:
    mobscrob.midlet.MobScroblet this$0 -> a
    void perform(int,java.lang.String) -> a
mobscrob.midlet.MobScroblet$3 -> aa:
    mobscrob.midlet.MobScroblet this$0 -> a
    void perform(int,java.lang.String) -> a
mobscrob.midlet.MobScroblet$4 -> ag:
    mobscrob.midlet.MobScroblet this$0 -> a
    void callback() -> a
mobscrob.midlet.MobScroblet$5 -> ai:
    javax.microedition.lcdui.Displayable prevDisplay -> a
    mobscrob.midlet.MobScroblet this$0 -> a
    javax.microedition.lcdui.Command val$alertExitCommand -> a
    void commandAction(javax.microedition.lcdui.Command,javax.microedition.lcdui.Displayable) -> commandAction
mobscrob.mp3.InfoUnavailableException -> ah:
mobscrob.mp3.MP3FileStream -> t:
    java.lang.String filename -> a
    long fileSize -> a
    void reset() -> reset
    void openStream(java.lang.String) -> a
    long getStreamLength() -> a
mobscrob.mp3.MP3ResourceStream -> e:
    mobscrob.logging.MicroLog log$6876fed5 -> a
    java.lang.Class class$0 -> a
    long getStreamLength() -> a
mobscrob.mp3.MP3Stream -> ab:
    java.io.InputStream is -> a
    int currentPos -> a
    void setInputStream(java.io.InputStream) -> a
    long getStreamLength() -> a
    int read() -> read
    int read(byte[]) -> read
    long skip(long) -> skip
    void reset() -> reset
    void close() -> close
mobscrob.navigator.DirectoryNode -> an:
    mobscrob.logging.MicroLog log$6876fed5 -> a
    java.lang.String name -> a
    java.lang.String absolutePath -> b
    java.util.Vector children -> a
    java.util.Vector filenames -> b
    mobscrob.navigator.DirectoryNode parent -> a
    mobscrob.navigator.SEFileNavigator$1 manager$4652cc37 -> a
    java.lang.Class class$0 -> a
    java.lang.String getAbsolutePath() -> a
    boolean isRoot() -> a
    mobscrob.navigator.DirectoryNode getParent() -> a
    void loadChildrenAndFiles() -> a
    void addSorted(java.util.Enumeration) -> a
    void loadAll() -> b
    mobscrob.navigator.DirectoryNode[] getChildrenList() -> a
    void putAllAncestorFiles(java.util.Vector) -> a
    void copyElementsAsPlaylistFiles(java.util.Vector,java.util.Vector) -> a
    java.lang.String[] getFilesList() -> a
mobscrob.navigator.SEFileNavigator -> M:
    mobscrob.logging.MicroLog log$6876fed5 -> a
    mobscrob.navigator.DirectoryNode root -> a
    mobscrob.navigator.DirectoryNode currNode -> b
    javax.microedition.lcdui.List currList -> a
    java.util.Vector currItems -> a
    javax.microedition.lcdui.Display parent -> a
    javax.microedition.lcdui.Command backCmd -> a
    javax.microedition.lcdui.Command addToPlaylistCmd -> b
    javax.microedition.lcdui.Command replacePlaylistCmd -> c
    javax.microedition.lcdui.Command returnToMainCmd -> d
    mobscrob.playlist.Playlist playlist -> a
    java.util.Vector fcListeners -> b
    mobscrob.midlet.Callback exitCB -> a
    mobscrob.midlet.MobScroblet alerter$6089017a -> a
    java.lang.Class class$0 -> a
    void initUI(java.lang.String[]) -> a
    void addPlaylist(mobscrob.playlist.Playlist) -> a
    void open(javax.microedition.lcdui.Display) -> a
    void commandAction(javax.microedition.lcdui.Command,javax.microedition.lcdui.Displayable) -> commandAction
    void updateCurrentNode(mobscrob.navigator.DirectoryNode) -> a
    void loadFileSystem() -> a
    void addPlaylistItems() -> b
    void notifyFileCommandListeners(java.lang.String) -> a
    void addFileListener(mobscrob.event.FileCommandListener) -> a
mobscrob.navigator.SEFileNavigator$1 -> ak:
    mobscrob.navigator.DirectoryNode instance(java.lang.String,mobscrob.navigator.DirectoryNode) -> a
mobscrob.navigator.SEFileNavigator$2 -> aj:
    void paint(javax.microedition.lcdui.Graphics) -> paint
mobscrob.navigator.SystemRootNode -> Q:
    mobscrob.logging.MicroLog log$6876fed5 -> a
    java.lang.Class class$0 -> a
    void loadChildrenAndFiles() -> a
mobscrob.player.MP3Player -> S:
    mobscrob.logging.MicroLog log$6876fed5 -> a
    mobscrob.midlet.Callback cb -> a
    mobscrob.player.MP3Player$CurrentTrack trackDisplay -> a
    mobscrob.player.MP3Player$TrackTimer timer -> a
    javax.microedition.media.Player mp3Player -> a
    java.lang.String queuedFile -> a
    mobscrob.playlist.Playlist playlist -> a
    mobscrob.id3.TrackMetadata stoppedTrack -> a
    mobscrob.id3.TrackMetadata currentTrack -> b
    mobscrob.player.PlayProcessorImpl prePlayProcessor$3068f47d -> a
    mobscrob.player.MP3Player$PlayProcessorSet postProcessors -> a
    java.lang.Class class$0 -> a
    void addPlaylist(mobscrob.playlist.Playlist) -> a
    void run() -> run
    void setPrePlayProcessor$46f47362(mobscrob.player.PlayProcessorImpl) -> a
    void addPostPlayProcessor$46f47362(mobscrob.player.PlayProcessorImpl) -> b
    void play(java.lang.String) -> a
    void stopCurrentTrack() -> a
    void startTrack(java.lang.String) -> b
    void playerUpdate(javax.microedition.media.Player,java.lang.String,java.lang.Object) -> playerUpdate
    void postPlayProcess(mobscrob.id3.TrackMetadata) -> a
    void displayCurrentTrack(javax.microedition.lcdui.Display) -> a
    mobscrob.logging.MicroLog access$0$555922ea() -> a
    mobscrob.player.MP3Player$CurrentTrack access$1(mobscrob.player.MP3Player) -> a
    mobscrob.id3.TrackMetadata access$2(mobscrob.player.MP3Player) -> a
    javax.microedition.media.Player access$3(mobscrob.player.MP3Player) -> a
    mobscrob.midlet.Callback access$4(mobscrob.player.MP3Player) -> a
    void access$5(mobscrob.player.MP3Player,java.lang.String) -> a
mobscrob.player.MP3Player$CurrentTrack -> ao:
    javax.microedition.lcdui.Command exitCmd -> a
    javax.microedition.lcdui.Command stopCmd -> b
    javax.microedition.lcdui.Command startCmd -> c
    javax.microedition.lcdui.Form track -> a
    javax.microedition.lcdui.StringItem timeDisplay -> a
    javax.microedition.lcdui.StringItem trackDisplay -> b
    javax.microedition.lcdui.StringItem artistDisplay -> c
    javax.microedition.lcdui.StringItem albumDisplay -> d
    long playTime -> a
    mobscrob.player.MP3Player this$0 -> a
    void setActiveCommand() -> a
    void displayCurrentTrack() -> b
    void resetTime() -> c
    void setTime() -> d
    java.lang.String getDisplayTimeString(long) -> a
    void commandAction(javax.microedition.lcdui.Command,javax.microedition.lcdui.Displayable) -> commandAction
mobscrob.player.MP3Player$PlayProcessorSet -> i:
    int index -> a
    mobscrob.player.PlayProcessorImpl[] processors$6670573e -> a
mobscrob.player.MP3Player$TrackTimer -> T:
    long ONE_SECOND -> a
    boolean playing -> a
    boolean prevStopped -> b
    mobscrob.player.MP3Player this$0 -> a
    void run() -> run
    void stop() -> a
mobscrob.player.PlayProcessorImpl -> s:
    mobscrob.logging.MicroLog log$6876fed5 -> a
    int waitTime -> a
    java.util.Vector queue -> a
    boolean isRunning -> a
    java.lang.Thread runThread -> a
    java.lang.Class class$0 -> a
    void start() -> b
    void queueTrack(mobscrob.id3.TrackMetadata) -> b
    void queueAtStart(mobscrob.id3.TrackMetadata) -> c
    mobscrob.id3.TrackMetadata[] getQueueSnapshot() -> a
    void process(mobscrob.id3.TrackMetadata) -> a
    void run() -> run
    void stopProcessing() -> c
mobscrob.player.ScrobbleProcessor -> q:
    mobscrob.logging.MicroLog log$6876fed5 -> a
    mobscrob.scrobbler.MobScrobblerImpl scrobbler$145f0962 -> a
    java.lang.Class class$0 -> a
    void queueTrack(mobscrob.id3.TrackMetadata) -> b
    void process(mobscrob.id3.TrackMetadata) -> a
    void shutdown() -> a
mobscrob.player.TagReaderProcessor -> k:
    mobscrob.logging.MicroLog log$6876fed5 -> a
    java.lang.Class class$0 -> a
    void process(mobscrob.id3.TrackMetadata) -> a
mobscrob.player.TrackMetadataFilePersistor -> A:
    mobscrob.logging.MicroLog log$6876fed5 -> a
    mobscrob.id3.TrackMetadata$TrackMetadataSerializerImpl serializer$7c425d82 -> a
    java.lang.String filename -> a
    java.lang.Class class$0 -> a
    boolean save$46f47366(mobscrob.player.PlayProcessorImpl) -> a
mobscrob.player.TrackMetadataPersistor -> R:
    boolean save$46f47366(mobscrob.player.PlayProcessorImpl) -> a
mobscrob.player.TrackMetadataRMSPersistor -> y:
    mobscrob.logging.MicroLog log$6876fed5 -> a
    java.lang.String recordStoreName -> a
    java.lang.Class class$0 -> a
    void load$46f47362(mobscrob.player.PlayProcessorImpl) -> a
    boolean save$46f47366(mobscrob.player.PlayProcessorImpl) -> a
    byte[] getTrackAsByteArray(mobscrob.id3.TrackMetadata) -> a
    mobscrob.id3.TrackMetadata getTrackFromByteArray(byte[]) -> a
    mobscrob.id3.TrackMetadata access$0(mobscrob.player.TrackMetadataRMSPersistor,byte[]) -> a
mobscrob.player.TrackMetadataRMSPersistor$1 -> p:
    mobscrob.player.TrackMetadataRMSPersistor this$0 -> a
    mobscrob.player.PlayProcessorImpl val$processor$3068f47d -> a
    javax.microedition.rms.RecordStore val$rs -> a
    void process(int,byte[]) -> a
mobscrob.playlist.Playlist -> o:
    mobscrob.logging.MicroLog log$6876fed5 -> a
    javax.microedition.lcdui.Command returnToMainCmd -> a
    javax.microedition.lcdui.Command clearPlaylistCmd -> b
    javax.microedition.lcdui.Command removeItemCmd -> c
    javax.microedition.lcdui.List currentPlaylist -> a
    mobscrob.midlet.Callback cb -> a
    mobscrob.event.FileCommandListener listener -> a
    java.util.Vector playlist -> a
    int currentIndex -> a
    java.lang.Class class$0 -> a
    void addToPlaylist(mobscrob.playlist.Playlist$PlaylistFile) -> a
    mobscrob.playlist.Playlist$PlaylistFile getNext() -> a
    boolean hasNext() -> a
    java.util.Vector getPlaylist() -> a
    void open(javax.microedition.lcdui.Display) -> a
    void clearPlaylist() -> a
    void commandAction(javax.microedition.lcdui.Command,javax.microedition.lcdui.Displayable) -> commandAction
    void addFileListener(mobscrob.event.FileCommandListener) -> a
mobscrob.playlist.Playlist$PlaylistFile -> N:
    java.lang.String filename -> a
    java.lang.String location -> b
mobscrob.playlist.PlaylistFullException -> j:
    java.lang.String getMessage() -> getMessage
mobscrob.playlist.PlaylistRMSPersister -> g:
    mobscrob.logging.MicroLog log$6876fed5 -> a
    java.lang.Class class$0 -> a
    boolean load(mobscrob.playlist.Playlist) -> a
    void save(mobscrob.playlist.Playlist) -> a
    byte[] writePlaylistFileToByteArray(mobscrob.playlist.Playlist$PlaylistFile) -> a
    mobscrob.playlist.Playlist$PlaylistFile getFileFromBytes(byte[]) -> a
    mobscrob.playlist.Playlist$PlaylistFile access$0(mobscrob.playlist.PlaylistRMSPersister,byte[]) -> a
mobscrob.playlist.PlaylistRMSPersister$1 -> aq:
    mobscrob.playlist.PlaylistRMSPersister this$0 -> a
    mobscrob.playlist.Playlist val$playlist -> a
    javax.microedition.rms.RecordStore val$rs -> a
    void process(int,byte[]) -> a
mobscrob.properties.MobScrobProperties -> v:
    mobscrob.logging.MicroLog log$6876fed5 -> a
    java.lang.String username -> a
    java.lang.String hashedPassword -> b
    boolean scrobbleOffline -> a
    mobscrob.properties.PropertyRMSPersistor persistor$59d58fc7 -> a
    mobscrob.player.ScrobbleProcessor processor -> a
    java.lang.Class class$0 -> a
    void setHashedPassword(java.lang.String) -> a
    void setUsername(java.lang.String) -> b
    void setScrobbleOffline(boolean) -> a
    void setLastFmUserDetails(java.lang.String,java.lang.String) -> a
    void setScrobbleProcessor(mobscrob.player.ScrobbleProcessor) -> a
    java.lang.String getUsername() -> a
    java.lang.String getHashedPassword() -> b
    boolean scrobbleOffline() -> a
    void save() -> a
    boolean load() -> b
    java.lang.String toString() -> toString
mobscrob.properties.PropertiesException -> c:
mobscrob.properties.PropertiesScreen -> L:
    mobscrob.logging.MicroLog log$6876fed5 -> a
    mobscrob.properties.MobScrobProperties props -> a
    mobscrob.midlet.Callback returnCB -> a
    mobscrob.midlet.Callback saveCB -> b
    javax.microedition.lcdui.Form propsForm -> a
    javax.microedition.lcdui.TextField usernameField -> a
    javax.microedition.lcdui.TextField passwordField -> b
    javax.microedition.lcdui.ChoiceGroup exportQueueField -> a
    javax.microedition.lcdui.Command saveCmd -> a
    javax.microedition.lcdui.Command cancelCmd -> b
    mobscrob.midlet.MobScroblet alertable$6089017a -> a
    java.lang.Class class$0 -> a
    void init() -> a
    void open(javax.microedition.lcdui.Display) -> a
    void commandAction(javax.microedition.lcdui.Command,javax.microedition.lcdui.Displayable) -> commandAction
mobscrob.properties.PropertyRMSPersistor -> X:
    mobscrob.logging.MicroLog log$6876fed5 -> a
    java.lang.Class class$0 -> a
    boolean load(mobscrob.properties.MobScrobProperties) -> a
    void save(mobscrob.properties.MobScrobProperties) -> a
    void setProperty(javax.microedition.rms.RecordStore,int,byte[]) -> a
    byte[] getPropertyAsByteArray(java.lang.String,java.lang.String) -> a
    java.lang.String getPropertyValue(byte[],java.lang.String) -> a
mobscrob.scrobbler.MD5 -> E:
    mobscrob.scrobbler.MD5$MD5State workingState -> a
    mobscrob.scrobbler.MD5$MD5State finalState -> b
    int[] decodeBuffer -> a
    byte[] padding -> a
    java.lang.String getHashString() -> a
    java.lang.String getHashString(java.lang.String) -> a
    java.lang.String toString() -> toString
    void update(mobscrob.scrobbler.MD5$MD5State,byte[],int,int) -> a
    int FF(int,int,int,int,int,int,int) -> a
    int GG(int,int,int,int,int,int,int) -> b
    int HH(int,int,int,int,int,int,int) -> c
    int II(int,int,int,int,int,int,int) -> d
    int[] decode(byte[],int,int) -> a
    void transform(mobscrob.scrobbler.MD5$MD5State,int[]) -> a
mobscrob.scrobbler.MD5$MD5State -> r:
    boolean valid -> a
    int[] state -> a
    long bitCount -> a
    byte[] buffer -> a
    void reset() -> a
mobscrob.scrobbler.MD5Util -> al:
    java.lang.Class class$0 -> a
    java.lang.String md5Hash(java.lang.String) -> a
mobscrob.scrobbler.MobScrobblerImpl -> H:
    mobscrob.logging.MicroLog log$6876fed5 -> a
    int failureCount -> a
    mobscrob.properties.MobScrobProperties props -> a
    mobscrob.scrobbler.MobScrobblerImpl$Session session -> a
    boolean processing -> a
    boolean shutdown -> b
    mobscrob.id3.TrackMetadata holdingTrack -> a
    java.lang.Class class$0 -> a
    mobscrob.id3.TrackMetadata getHoldingTrack() -> a
    boolean handshake() -> a
    void scrobble(mobscrob.id3.TrackMetadata) -> a
    java.lang.StringBuffer appendSubmissionParam(java.lang.StringBuffer,java.lang.String,int) -> a
    boolean validSession() -> b
    void shutdown() -> a
mobscrob.scrobbler.MobScrobblerImpl$ScrobbleException -> W:
mobscrob.scrobbler.MobScrobblerImpl$Session -> f:
    java.lang.String sessionID -> a
    java.lang.String nowPlayingUrl -> b
    java.lang.String submitUrl -> c
    int retryWaitTime -> a
    boolean invalid -> a
    java.lang.String toString() -> toString
mobscrob.scrobbler.RequeueException -> C:
mobscrob.scrobbler.ScrobbleOfflineException -> U:
mobscrob.util.ByteUtil -> J:
    java.util.Vector readLines(byte[]) -> a
mobscrob.util.StreamUtil -> h:
    void closeInputStream(java.io.InputStream) -> a
    void closeOutputStream(java.io.OutputStream) -> a
mobscrob.util.StringUtil -> n:
    mobscrob.util.StringUtil$CompareResult compare(java.lang.String,java.lang.String) -> a
mobscrob.util.StringUtil$CompareResult -> B:
    mobscrob.util.StringUtil$CompareResult LESS_THAN -> a
    mobscrob.util.StringUtil$CompareResult EQUALS -> b
    mobscrob.util.StringUtil$CompareResult GREATER_THAN -> c
    int val -> a
    boolean equals(java.lang.Object) -> equals
mobscrob.util.microedition.HTTPUtil -> F:
    mobscrob.logging.MicroLog log$6876fed5 -> a
    java.lang.Class class$0 -> a
    java.lang.String encodeParam(java.lang.String) -> a
    byte[] getUrl(java.lang.String,java.lang.String) -> a
    byte[] readHttpResponse(javax.microedition.io.HttpConnection) -> a
    void closeHttpConnection(javax.microedition.io.HttpConnection) -> a
mobscrob.util.microedition.RecordStoreUtil -> b:
    void closeRecordStore(javax.microedition.rms.RecordStore) -> a
    void processAllRecords(javax.microedition.rms.RecordStore,mobscrob.util.microedition.RecordStoreUtil$RecordProcessor) -> a
mobscrob.util.microedition.RecordStoreUtil$RecordProcessor -> ae:
    void process(int,byte[]) -> a
net.sf.microlog.Appender -> net.sf.microlog.Appender:
    void doLog(net.sf.microlog.Level,java.lang.Object,java.lang.Throwable) -> a
    void closeLog() -> b
    void openLog() -> a
    void setFormatter(net.sf.microlog.Formatter) -> a
    void configure(net.sf.microlog.util.PropertiesGetter) -> a
net.sf.microlog.BasicConfigurator -> net.sf.microlog.BasicConfigurator:
net.sf.microlog.Configurator -> net.sf.microlog.Configurator:
net.sf.microlog.Formatter -> net.sf.microlog.Formatter:
    java.lang.String format(net.sf.microlog.Level,java.lang.Object,java.lang.Throwable) -> a
    void setProperty(java.lang.String,java.lang.Object) -> a
net.sf.microlog.Level -> net.sf.microlog.Level:
    net.sf.microlog.Level FATAL -> a
    net.sf.microlog.Level ERROR -> b
    net.sf.microlog.Level WARN -> c
    net.sf.microlog.Level INFO -> d
    net.sf.microlog.Level DEBUG -> e
    net.sf.microlog.Level TRACE -> f
    int level -> a
    java.lang.String levelString -> a
    int toInt() -> a
    java.lang.String toString() -> toString
net.sf.microlog.Logger -> net.sf.microlog.Logger:
    net.sf.microlog.Logger LOGGER -> a
    java.util.Vector appenderList -> a
    net.sf.microlog.Level logLevel -> a
    net.sf.microlog.Logger getLogger() -> a
    void configure(net.sf.microlog.util.PropertiesGetter) -> a
    void closeLog() -> a
    void openLog() -> b
    void addAppender(net.sf.microlog.Appender) -> a
    void log(net.sf.microlog.Level,java.lang.Object,java.lang.Throwable) -> a
    boolean isDebugEnabled() -> a
    void debug(java.lang.Object) -> a
    boolean isInfoEnabled() -> b
    void info(java.lang.Object) -> b
    boolean isWarnEnabled() -> c
    void warn(java.lang.Object) -> c
    boolean isErrorEnabled() -> d
    void error(java.lang.Object) -> d
    void error(java.lang.Object,java.lang.Throwable) -> a
    boolean isFatalEnabled() -> e
    java.lang.String toString() -> toString
net.sf.microlog.MicroLogException -> net.sf.microlog.MicroLogException:
net.sf.microlog.PropertyConfigurator -> net.sf.microlog.PropertyConfigurator:
net.sf.microlog.appender.AbstractAppender -> net.sf.microlog.appender.AbstractAppender:
    net.sf.microlog.Formatter formatter -> a
    boolean logOpen -> a
    void setFormatter(net.sf.microlog.Formatter) -> a
    void doLog(net.sf.microlog.Level,java.lang.Object,java.lang.Throwable) -> a
    void closeLog() -> b
    void openLog() -> a
    void configure(net.sf.microlog.util.PropertiesGetter) -> a
net.sf.microlog.appender.ConsoleAppender -> net.sf.microlog.appender.ConsoleAppender:
    java.io.PrintStream console -> a
    void doLog(net.sf.microlog.Level,java.lang.Object,java.lang.Throwable) -> a
    void closeLog() -> b
    void openLog() -> a
    void configure(net.sf.microlog.util.PropertiesGetter) -> a
net.sf.microlog.appender.FileAppender -> net.sf.microlog.appender.FileAppender:
    java.lang.String rootDir -> a
    java.lang.String fileName -> b
    javax.microedition.io.file.FileConnection fileConnection -> a
    java.io.OutputStream outputStream -> a
    void configure(net.sf.microlog.util.PropertiesGetter) -> a
    void openLog() -> a
    void doLog(net.sf.microlog.Level,java.lang.Object,java.lang.Throwable) -> a
    void closeLog() -> b
    java.lang.String getConnectionString() -> a
net.sf.microlog.format.ConfigurableFormatter -> net.sf.microlog.format.ConfigurableFormatter:
    java.lang.StringBuffer buffer -> a
    int timeFormat -> a
    boolean printLevel -> a
    boolean printMessage -> b
    char delimeter -> a
    java.lang.String format(net.sf.microlog.Level,java.lang.Object,java.lang.Throwable) -> a
    void setProperty(java.lang.String,java.lang.Object) -> a
net.sf.microlog.format.SimpleFormatter -> net.sf.microlog.format.SimpleFormatter:
    java.lang.StringBuffer buffer -> a
    char delimeter -> a
    java.lang.String format(net.sf.microlog.Level,java.lang.Object,java.lang.Throwable) -> a
    void setProperty(java.lang.String,java.lang.Object) -> a
net.sf.microlog.util.GlobalProperties -> net.sf.microlog.util.GlobalProperties:
    net.sf.microlog.util.Properties properties -> a
    java.lang.String getString(java.lang.String) -> a
net.sf.microlog.util.ManualProperties -> net.sf.microlog.util.ManualProperties:
    java.util.Hashtable hashTable -> a
    java.lang.String getString(java.lang.String) -> a
net.sf.microlog.util.Properties -> net.sf.microlog.util.Properties:
    java.util.Hashtable props -> a
    javax.microedition.midlet.MIDlet midlet -> a
    net.sf.microlog.util.properties.DefaultValues defaultValues -> a
    java.lang.String getString(java.lang.String) -> a
    void initProperties(java.util.Hashtable) -> a
net.sf.microlog.util.PropertiesGetter -> net.sf.microlog.util.PropertiesGetter:
    java.lang.String getString(java.lang.String) -> a
net.sf.microlog.util.Util -> net.sf.microlog.util.Util:
net.sf.microlog.util.properties.AppProperty -> net.sf.microlog.util.properties.AppProperty:
    javax.microedition.midlet.MIDlet midlet -> a
    void insertProperties(java.util.Hashtable) -> a
net.sf.microlog.util.properties.DefaultValues -> net.sf.microlog.util.properties.DefaultValues:
    java.lang.String[][] defaultValues -> a
    void insertProperties(java.util.Hashtable) -> a
net.sf.microlog.util.properties.NumberedAppProperty -> net.sf.microlog.util.properties.NumberedAppProperty:
    javax.microedition.midlet.MIDlet midlet -> a
    void insertProperties(java.util.Hashtable) -> a
net.sf.microlog.util.properties.PropertyFile -> net.sf.microlog.util.properties.PropertyFile:
    java.lang.String fileName -> a
    byte[] buffer -> a
    java.lang.StringBuffer stringBuffer -> a
    void insertProperties(java.util.Hashtable) -> a
net.sf.microlog.util.properties.PropertySource -> net.sf.microlog.util.properties.PropertySource:
    void insertProperties(java.util.Hashtable) -> a
